[36mvite v6.4.1 [32mbuilding for production...[36m[39m
transforming...
[32mÔ£ô[39m 14 modules transformed.
node.exe : [31mÔ£ù[39m Build failed in 188ms
No linha:1 caractere:1
+ & "C:\Program Files\nodejs/node.exe" "C:\Program 
Files\nodejs/node_mo ...
+ ~~~~~~~~~~~~~~~~~~~~~~~~~~~~~~~~~~~~~~~~~~~~~~~~~~~~~~~~~
~~~~~~~~~~~~
    + CategoryInfo          : NotSpecified: ([31mÔ£ù[39m 
    Build failed in 188ms:String) [], RemoteException
    + FullyQualifiedErrorId : NativeCommandError
 
[31merror during build:
[31m[vite:esbuild] Transform failed with 1 error:
C:/Users/stick/OneDrive/Documentos/Documentos 
Arreda/arreda-crm/pages/Leads.tsx:406:6: ERROR: "await" 
can only be used inside an "async" function[31m
file: [36mC:/Users/stick/OneDrive/Documentos/Documentos 
Arreda/arreda-crm/pages/Leads.tsx:406:6[31m
[33m
[33m"await" can only be used inside an "async" 
function[33m
404|  
405|      try {
406|        await saveLead(leadToSave);
   |        ^
407|        setNewLead({ status: LeadStatus.NEW, 
tipo_projeto: 'Outro' });
408|        setInitialContact({});
[31m
    at failureErrorWithLog 
(C:\Users\stick\OneDrive\Documentos\Documentos 
Arreda\arreda-crm\node_modules\esbuild\lib\main.js:1467:15)
    at C:\Users\stick\OneDrive\Documentos\Documentos 
Arreda\arreda-crm\node_modules\esbuild\lib\main.js:736:50
    at responseCallbacks.<computed> 
(C:\Users\stick\OneDrive\Documentos\Documentos 
Arreda\arreda-crm\node_modules\esbuild\lib\main.js:603:9)
    at handleIncomingPacket 
(C:\Users\stick\OneDrive\Documentos\Documentos 
Arreda\arreda-crm\node_modules\esbuild\lib\main.js:658:12)
    at Socket.readFromStdout 
(C:\Users\stick\OneDrive\Documentos\Documentos 
Arreda\arreda-crm\node_modules\esbuild\lib\main.js:581:7)
    at Socket.emit (node:events:508:28)
    at addChunk (node:internal/streams/readable:559:12)
    at readableAddChunkPushByteMode 
(node:internal/streams/readable:510:3)
    at Readable.push (node:internal/streams/readable:390:5)
    at Pipe.onStreamRead 
(node:internal/stream_base_commons:189:23)[39m
